// Jest Snapshot v1, https://goo.gl/fbAQLP

exports[`GET /v3/bundles/js when a valid component is requested should respond with the bundled JavaScript 1`] = `
"(function(){\\"use strict\\";function _(R){return typeof Symbol==\\"function\\"&&typeof Symbol.iterator==\\"symbol\\"?_=function(y){return typeof y}:_=function(y){return y&&typeof Symbol==\\"function\\"&&y.constructor===Symbol&&y!==Symbol.prototype?\\"symbol\\":typeof y},_(R)}(function(){var R={},T=(typeof global==\\"undefined\\"?\\"undefined\\":_(global))==\\"object\\"&&global&&global.Object===Object&&global,y=T,Rr=(typeof self==\\"undefined\\"?\\"undefined\\":_(self))==\\"object\\"&&self&&self.Object===Object&&self,Tr=y||Rr||Function(\\"return this\\")(),m=Tr,Cr=m.Symbol,$=Cr,Q=Object.prototype,Ir=Q.hasOwnProperty,Wr=Q.toString,j=$?$.toStringTag:void 0;function Dr(r){var t=Ir.call(r,j),n=r[j];try{r[j]=void 0;var o=!0}catch(e){}var a=Wr.call(r);return o&&(t?r[j]=n:delete r[j]),a}var Gr=Dr,Kr=Object.prototype,Nr=Kr.toString;function Ur(r){return Nr.call(r)}var kr=Ur,qr=\\"[object Null]\\",zr=\\"[object Undefined]\\",V=$?$.toStringTag:void 0;function Br(r){return r==null?r===void 0?zr:qr:V&&V in Object(r)?Gr(r):kr(r)}var X=Br;function Hr(r){return r!=null&&_(r)==\\"object\\"}var Y=Hr,Jr=\\"[object Symbol]\\";function Lr(r){return _(r)==\\"symbol\\"||Y(r)&&X(r)==Jr}var Qr=Lr,Vr=Array.isArray,Xr=Vr,Yr=/\\\\s/;function Zr(r){for(var t=r.length;t--&&Yr.test(r.charAt(t)););return t}var rt=Zr,tt=/^\\\\s+/;function nt(r){return r&&r.slice(0,rt(r)+1).replace(tt,\\"\\")}var ot=nt;function at(r){var t=_(r);return r!=null&&(t==\\"object\\"||t==\\"function\\")}var w=at,Z=0/0,et=/^[-+]0x[0-9a-f]+$/i,ut=/^0b[01]+$/i,it=/^0o[0-7]+$/i,vt=parseInt;function ct(r){if(typeof r==\\"number\\")return r;if(Qr(r))return Z;if(w(r)){var t=typeof r.valueOf==\\"function\\"?r.valueOf():r;r=w(t)?t+\\"\\":t}if(typeof r!=\\"string\\")return r===0?r:+r;r=ot(r);var n=ut.test(r);return n||it.test(r)?vt(r.slice(2),n?2:8):et.test(r)?Z:+r}var ft=ct,rr=1/0,lt=17976931348623157e292;function st(r){if(!r)return r===0?r:0;if(r=ft(r),r===rr||r===-rr){var t=r<0?-1:1;return t*lt}return r===r?r:0}var pt=st;function ht(r){var t=pt(r),n=t%1;return t===t?n?t-n:t:0}var tr=ht;function _t(r){return r}var C=_t,yt=\\"[object AsyncFunction]\\",dt=\\"[object Function]\\",gt=\\"[object GeneratorFunction]\\",bt=\\"[object Proxy]\\";function mt(r){if(!w(r))return!1;var t=X(r);return t==dt||t==gt||t==yt||t==bt}var wt=mt,Ot=m[\\"__core-js_shared__\\"],I=Ot,nr=function(){var r=/[^.]+$/.exec(I&&I.keys&&I.keys.IE_PROTO||\\"\\");return r?\\"Symbol(src)_1.\\"+r:\\"\\"}();function jt(r){return!!nr&&nr in r}var St=jt,At=Function.prototype,xt=At.toString;function $t(r){if(r!=null){try{return xt.call(r)}catch(t){}try{return r+\\"\\"}catch(t){}}return\\"\\"}var Pt=$t,Mt=/[\\\\\\\\^$.*+?()[\\\\]{}|]/g,Ft=/^\\\\[object .+?Constructor\\\\]$/,Et=Function.prototype,Rt=Object.prototype,Tt=Et.toString,Ct=Rt.hasOwnProperty,It=RegExp(\\"^\\"+Tt.call(Ct).replace(Mt,\\"\\\\\\\\$&\\").replace(/hasOwnProperty|(function).*?(?=\\\\\\\\\\\\()| for .+?(?=\\\\\\\\\\\\])/g,\\"$1.*?\\")+\\"$\\");function Wt(r){if(!w(r)||St(r))return!1;var t=wt(r)?It:Ft;return t.test(Pt(r))}var Dt=Wt;function Gt(r,t){return r==null?void 0:r[t]}var Kt=Gt;function Nt(r,t){var n=Kt(r,t);return Dt(n)?n:void 0}var or=Nt,Ut=or(m,\\"WeakMap\\"),ar=Ut,kt=ar&&new ar,P=kt,qt=P?function(r,t){return P.set(r,t),r}:C,er=qt,ur=Object.create,zt=function(){function r(){}return function(t){if(!w(t))return{};if(ur)return ur(t);r.prototype=t;var n=new r;return r.prototype=void 0,n}}(),W=zt;function Bt(r){return function(){var t=arguments;switch(t.length){case 0:return new r;case 1:return new r(t[0]);case 2:return new r(t[0],t[1]);case 3:return new r(t[0],t[1],t[2]);case 4:return new r(t[0],t[1],t[2],t[3]);case 5:return new r(t[0],t[1],t[2],t[3],t[4]);case 6:return new r(t[0],t[1],t[2],t[3],t[4],t[5]);case 7:return new r(t[0],t[1],t[2],t[3],t[4],t[5],t[6])}var n=W(r.prototype),o=r.apply(n,t);return w(o)?o:n}}var S=Bt,Ht=1;function Jt(r,t,n){var o=t&Ht,a=S(r);function e(){var i=this&&this!==m&&this instanceof e?a:r;return i.apply(o?n:this,arguments)}return e}var Lt=Jt;function Qt(r,t,n){switch(n.length){case 0:return r.call(t);case 1:return r.call(t,n[0]);case 2:return r.call(t,n[0],n[1]);case 3:return r.call(t,n[0],n[1],n[2])}return r.apply(t,n)}var D=Qt,Vt=Math.max;function Xt(r,t,n,o){for(var a=-1,e=r.length,i=n.length,u=-1,v=t.length,f=Vt(e-i,0),c=Array(v+f),s=!o;++u<v;)c[u]=t[u];for(;++a<i;)(s||a<e)&&(c[n[a]]=r[a]);for(;f--;)c[u++]=r[a++];return c}var ir=Xt,Yt=Math.max;function Zt(r,t,n,o){for(var a=-1,e=r.length,i=-1,u=n.length,v=-1,f=t.length,c=Yt(e-u,0),s=Array(c+f),h=!o;++a<c;)s[a]=r[a];for(var l=a;++v<f;)s[l+v]=t[v];for(;++i<u;)(h||a<e)&&(s[l+n[i]]=r[a++]);return s}var vr=Zt;function rn(r,t){for(var n=r.length,o=0;n--;)r[n]===t&&++o;return o}var tn=rn;function nn(){}var G=nn,on=4294967295;function M(r){this.__wrapped__=r,this.__actions__=[],this.__dir__=1,this.__filtered__=!1,this.__iteratees__=[],this.__takeCount__=on,this.__views__=[]}M.prototype=W(G.prototype),M.prototype.constructor=M;var K=M;function an(){}var en=an,un=P?function(r){return P.get(r)}:en,cr=un,vn={},fr=vn,cn=Object.prototype,fn=cn.hasOwnProperty;function ln(r){for(var t=r.name+\\"\\",n=fr[t],o=fn.call(fr,t)?n.length:0;o--;){var a=n[o],e=a.func;if(e==null||e==r)return a.name}return t}var sn=ln;function F(r,t){this.__wrapped__=r,this.__actions__=[],this.__chain__=!!t,this.__index__=0,this.__values__=void 0}F.prototype=W(G.prototype),F.prototype.constructor=F;var N=F;function pn(r,t){var n=-1,o=r.length;for(t||(t=Array(o));++n<o;)t[n]=r[n];return t}var lr=pn;function hn(r){if(r instanceof K)return r.clone();var t=new N(r.__wrapped__,r.__chain__);return t.__actions__=lr(r.__actions__),t.__index__=r.__index__,t.__values__=r.__values__,t}var _n=hn,yn=Object.prototype,dn=yn.hasOwnProperty;function E(r){if(Y(r)&&!Xr(r)&&!(r instanceof K)){if(r instanceof N)return r;if(dn.call(r,\\"__wrapped__\\"))return _n(r)}return new N(r)}E.prototype=G.prototype,E.prototype.constructor=E;var gn=E;function bn(r){var t=sn(r),n=gn[t];if(typeof n!=\\"function\\"||!(t in K.prototype))return!1;if(r===n)return!0;var o=cr(n);return!!o&&r===o[0]}var mn=bn,wn=800,On=16,jn=Date.now;function Sn(r){var t=0,n=0;return function(){var o=jn(),a=On-(o-n);if(n=o,a>0){if(++t>=wn)return arguments[0]}else t=0;return r.apply(void 0,arguments)}}var sr=Sn,An=sr(er),pr=An,xn=/\\\\{\\\\n\\\\/\\\\* \\\\[wrapped with (.+)\\\\] \\\\*/,$n=/,? & /;function Pn(r){var t=r.match(xn);return t?t[1].split($n):[]}var Mn=Pn,Fn=/\\\\{(?:\\\\n\\\\/\\\\* \\\\[wrapped with .+\\\\] \\\\*\\\\/)?\\\\n?/;function En(r,t){var n=t.length;if(!n)return r;var o=n-1;return t[o]=(n>1?\\"& \\":\\"\\")+t[o],t=t.join(n>2?\\", \\":\\" \\"),r.replace(Fn,\\"{\\\\n/* [wrapped with \\"+t+\\"] */\\\\n\\")}var Rn=En;function Tn(r){return function(){return r}}var Cn=Tn,In=function(){try{var r=or(Object,\\"defineProperty\\");return r({},\\"\\",{}),r}catch(t){}}(),hr=In,Wn=hr?function(r,t){return hr(r,\\"toString\\",{configurable:!0,enumerable:!1,value:Cn(t),writable:!0})}:C,Dn=Wn,Gn=sr(Dn),_r=Gn;function Kn(r,t){for(var n=-1,o=r==null?0:r.length;++n<o&&t(r[n],n,r)!==!1;);return r}var Nn=Kn;function Un(r,t,n,o){for(var a=r.length,e=n+(o?1:-1);o?e--:++e<a;)if(t(r[e],e,r))return e;return-1}var kn=Un;function qn(r){return r!==r}var zn=qn;function Bn(r,t,n){for(var o=n-1,a=r.length;++o<a;)if(r[o]===t)return o;return-1}var Hn=Bn;function Jn(r,t,n){return t===t?Hn(r,t,n):kn(r,zn,n)}var Ln=Jn;function Qn(r,t){var n=r==null?0:r.length;return!!n&&Ln(r,t,0)>-1}var Vn=Qn,Xn=1,Yn=2,Zn=8,ro=16,to=32,no=64,oo=128,ao=256,eo=512,uo=[[\\"ary\\",oo],[\\"bind\\",Xn],[\\"bindKey\\",Yn],[\\"curry\\",Zn],[\\"curryRight\\",ro],[\\"flip\\",eo],[\\"partial\\",to],[\\"partialRight\\",no],[\\"rearg\\",ao]];function io(r,t){return Nn(uo,function(n){var o=\\"_.\\"+n[0];t&n[1]&&!Vn(r,o)&&r.push(o)}),r.sort()}var vo=io;function co(r,t,n){var o=t+\\"\\";return _r(r,Rn(o,vo(Mn(o),n)))}var yr=co,fo=1,lo=2,so=4,po=8,dr=32,gr=64;function ho(r,t,n,o,a,e,i,u,v,f){var c=t&po,s=c?i:void 0,h=c?void 0:i,l=c?e:void 0,d=c?void 0:e;t|=c?dr:gr,t&=~(c?gr:dr),t&so||(t&=~(fo|lo));var O=[r,t,a,l,s,d,h,u,v,f],g=n.apply(void 0,O);return mn(r)&&pr(g,O),g.placeholder=o,yr(g,r,t)}var br=ho;function _o(r){var t=r;return t.placeholder}var U=_o,yo=9007199254740991,go=/^(?:0|[1-9]\\\\d*)$/;function bo(r,t){var n,o=_(r);return t=(n=t)!==null&&n!==void 0?n:yo,!!t&&(o==\\"number\\"||o!=\\"symbol\\"&&go.test(r))&&r>-1&&r%1==0&&r<t}var mo=bo,wo=Math.min;function Oo(r,t){for(var n=r.length,o=wo(t.length,n),a=lr(r);o--;){var e=t[o];r[o]=mo(e,n)?a[e]:void 0}return r}var jo=Oo,mr=\\"__lodash_placeholder__\\";function So(r,t){for(var n=-1,o=r.length,a=0,e=[];++n<o;){var i=r[n];(i===t||i===mr)&&(r[n]=mr,e[a++]=n)}return e}var A=So,Ao=1,xo=2,$o=8,Po=16,Mo=128,Fo=512;function wr(r,t,n,o,a,e,i,u,v,f){var c=t&Mo,s=t&Ao,h=t&xo,l=t&($o|Po),d=t&Fo,O=h?void 0:S(r);function g(){for(var b=arguments.length,p=Array(b),J=b;J--;)p[J]=arguments[J];if(l)var Fr=U(g),Zo=tn(p,Fr);if(o&&(p=ir(p,o,a,l)),e&&(p=vr(p,e,i,l)),b-=Zo,l&&b<f){var ra=A(p,Fr);return br(r,t,wr,g.placeholder,n,p,ra,u,v,f-b)}var Er=s?n:this,L=h?Er[r]:r;return b=p.length,u?p=jo(p,u):d&&b>1&&p.reverse(),c&&v<b&&(p.length=v),this&&this!==m&&this instanceof g&&(L=O||S(L)),L.apply(Er,p)}return g}var Or=wr;function Eo(r,t,n){var o=S(r);function a(){for(var e=arguments.length,i=Array(e),u=e,v=U(a);u--;)i[u]=arguments[u];var f=e<3&&i[0]!==v&&i[e-1]!==v?[]:A(i,v);if(e-=f.length,e<n)return br(r,t,Or,a.placeholder,void 0,i,f,void 0,void 0,n-e);var c=this&&this!==m&&this instanceof a?o:r;return D(c,this,i)}return a}var Ro=Eo,To=1;function Co(r,t,n,o){var a=t&To,e=S(r);function i(){for(var u=-1,v=arguments.length,f=-1,c=o.length,s=Array(c+v),h=this&&this!==m&&this instanceof i?e:r;++f<c;)s[f]=o[f];for(;v--;)s[f++]=arguments[++u];return D(h,a?n:this,s)}return i}var Io=Co,jr=\\"__lodash_placeholder__\\",k=1,Wo=2,Do=4,Sr=8,x=128,Ar=256,Go=Math.min;function Ko(r,t){var n=r[1],o=t[1],a=n|o,e=a<(k|Wo|x),i=o==x&&n==Sr||o==x&&n==Ar&&r[7].length<=t[8]||o==(x|Ar)&&t[7].length<=t[8]&&n==Sr;if(!(e||i))return r;o&k&&(r[2]=t[2],a|=n&k?0:Do);var u=t[3];if(u){var v=r[3];r[3]=v?ir(v,u,t[4]):u,r[4]=v?A(r[3],jr):t[4]}return u=t[5],u&&(v=r[5],r[5]=v?vr(v,u,t[6]):u,r[6]=v?A(r[5],jr):t[6]),u=t[7],u&&(r[7]=u),o&x&&(r[8]=r[8]==null?t[8]:Go(r[8],t[8])),r[9]==null&&(r[9]=t[9]),r[0]=t[0],r[1]=a,r}var No=Ko,Uo=\\"Expected a function\\",xr=1,ko=2,q=8,z=16,B=32,$r=64,Pr=Math.max;function qo(r,t,n,o,a,e,i,u){var v=t&ko;if(!v&&typeof r!=\\"function\\")throw new TypeError(Uo);var f=o?o.length:0;if(f||(t&=~(B|$r),o=a=void 0),i=i===void 0?i:Pr(tr(i),0),u=u===void 0?u:tr(u),f-=a?a.length:0,t&$r){var c=o,s=a;o=a=void 0}var h=v?void 0:cr(r),l=[r,t,n,o,a,c,s,e,i,u];if(h&&No(l,h),r=l[0],t=l[1],n=l[2],o=l[3],a=l[4],u=l[9]=l[9]===void 0?v?0:r.length:Pr(l[9]-f,0),!u&&t&(q|z)&&(t&=~(q|z)),!t||t==xr)var d=Lt(r,t,n);else t==q||t==z?d=Ro(r,t,u):(t==B||t==(xr|B))&&!a.length?d=Io(r,t,n,o):d=Or.apply(void 0,l);var O=h?er:pr;return yr(O(d,l),r,t)}var zo=qo,Mr=Math.max;function Bo(r,t,n){return t=Mr(t===void 0?r.length-1:t,0),function(){for(var o=arguments,a=-1,e=Mr(o.length-t,0),i=Array(e);++a<e;)i[a]=o[t+a];a=-1;for(var u=Array(t+1);++a<t;)u[a]=o[a];return u[t]=n(i),D(r,this,u)}}var Ho=Bo;function Jo(r,t){return _r(Ho(r,t,C),r+\\"\\")}var Lo=Jo,Qo=32,H=Lo(function(r,t){var n=A(t,U(H));return zo(r,Qo,void 0,t,n)});H.placeholder={};var Vo=H;function Xo(r,t){var n=r+\\" \\"+t;return console.log(n),n}var Yo=Vo(Xo,\\"hello\\");Yo(\\"World\\"),typeof Origami==\\"undefined\\"&&(self.Origami={}),self.Origami[\\"o-test-component\\"]=R,self.Origami[\\"o-test-component\\"].default=void 0})();})();
"
`;

exports[`GET /v3/bundles/js when the callback parameter is a valid value should respond with the bundled JavaScript and call the callback with the requested components 1`] = `
"(function(){\\"use strict\\";function _(P){return typeof Symbol==\\"function\\"&&typeof Symbol.iterator==\\"symbol\\"?_=function(y){return typeof y}:_=function(y){return y&&typeof Symbol==\\"function\\"&&y.constructor===Symbol&&y!==Symbol.prototype?\\"symbol\\":typeof y},_(P)}(function(){var P={},T=(typeof global==\\"undefined\\"?\\"undefined\\":_(global))==\\"object\\"&&global&&global.Object===Object&&global,y=T,Tr=(typeof self==\\"undefined\\"?\\"undefined\\":_(self))==\\"object\\"&&self&&self.Object===Object&&self,Cr=y||Tr||Function(\\"return this\\")(),m=Cr,Ir=m.Symbol,M=Ir,V=Object.prototype,Wr=V.hasOwnProperty,kr=V.toString,j=M?M.toStringTag:void 0;function Dr(r){var t=Wr.call(r,j),n=r[j];try{r[j]=void 0;var o=!0}catch(e){}var a=kr.call(r);return o&&(t?r[j]=n:delete r[j]),a}var Gr=Dr,Kr=Object.prototype,Nr=Kr.toString;function Ur(r){return Nr.call(r)}var qr=Ur,zr=\\"[object Null]\\",Br=\\"[object Undefined]\\",X=M?M.toStringTag:void 0;function Hr(r){return r==null?r===void 0?Br:zr:X&&X in Object(r)?Gr(r):qr(r)}var Y=Hr;function Jr(r){return r!=null&&_(r)==\\"object\\"}var Z=Jr,Lr=\\"[object Symbol]\\";function Qr(r){return _(r)==\\"symbol\\"||Z(r)&&Y(r)==Lr}var Vr=Qr,Xr=Array.isArray,Yr=Xr,Zr=/\\\\s/;function rt(r){for(var t=r.length;t--&&Zr.test(r.charAt(t)););return t}var tt=rt,nt=/^\\\\s+/;function ot(r){return r&&r.slice(0,tt(r)+1).replace(nt,\\"\\")}var at=ot;function et(r){var t=_(r);return r!=null&&(t==\\"object\\"||t==\\"function\\")}var w=et,rr=0/0,ut=/^[-+]0x[0-9a-f]+$/i,it=/^0b[01]+$/i,vt=/^0o[0-7]+$/i,ct=parseInt;function ft(r){if(typeof r==\\"number\\")return r;if(Vr(r))return rr;if(w(r)){var t=typeof r.valueOf==\\"function\\"?r.valueOf():r;r=w(t)?t+\\"\\":t}if(typeof r!=\\"string\\")return r===0?r:+r;r=at(r);var n=it.test(r);return n||vt.test(r)?ct(r.slice(2),n?2:8):ut.test(r)?rr:+r}var lt=ft,tr=1/0,pt=17976931348623157e292;function st(r){if(!r)return r===0?r:0;if(r=lt(r),r===tr||r===-tr){var t=r<0?-1:1;return t*pt}return r===r?r:0}var ht=st;function _t(r){var t=ht(r),n=t%1;return t===t?n?t-n:t:0}var nr=_t;function yt(r){return r}var C=yt,dt=\\"[object AsyncFunction]\\",gt=\\"[object Function]\\",bt=\\"[object GeneratorFunction]\\",mt=\\"[object Proxy]\\";function wt(r){if(!w(r))return!1;var t=Y(r);return t==gt||t==bt||t==dt||t==mt}var Ot=wt,jt=m[\\"__core-js_shared__\\"],I=jt,or=function(){var r=/[^.]+$/.exec(I&&I.keys&&I.keys.IE_PROTO||\\"\\");return r?\\"Symbol(src)_1.\\"+r:\\"\\"}();function St(r){return!!or&&or in r}var At=St,$t=Function.prototype,Pt=$t.toString;function Mt(r){if(r!=null){try{return Pt.call(r)}catch(t){}try{return r+\\"\\"}catch(t){}}return\\"\\"}var Ft=Mt,xt=/[\\\\\\\\^$.*+?()[\\\\]{}|]/g,Et=/^\\\\[object .+?Constructor\\\\]$/,Rt=Function.prototype,Tt=Object.prototype,Ct=Rt.toString,It=Tt.hasOwnProperty,Wt=RegExp(\\"^\\"+Ct.call(It).replace(xt,\\"\\\\\\\\$&\\").replace(/hasOwnProperty|(function).*?(?=\\\\\\\\\\\\()| for .+?(?=\\\\\\\\\\\\])/g,\\"$1.*?\\")+\\"$\\");function kt(r){if(!w(r)||At(r))return!1;var t=Ot(r)?Wt:Et;return t.test(Ft(r))}var Dt=kt;function Gt(r,t){return r==null?void 0:r[t]}var Kt=Gt;function Nt(r,t){var n=Kt(r,t);return Dt(n)?n:void 0}var ar=Nt,Ut=ar(m,\\"WeakMap\\"),er=Ut,qt=er&&new er,F=qt,zt=F?function(r,t){return F.set(r,t),r}:C,ur=zt,ir=Object.create,Bt=function(){function r(){}return function(t){if(!w(t))return{};if(ir)return ir(t);r.prototype=t;var n=new r;return r.prototype=void 0,n}}(),W=Bt;function Ht(r){return function(){var t=arguments;switch(t.length){case 0:return new r;case 1:return new r(t[0]);case 2:return new r(t[0],t[1]);case 3:return new r(t[0],t[1],t[2]);case 4:return new r(t[0],t[1],t[2],t[3]);case 5:return new r(t[0],t[1],t[2],t[3],t[4]);case 6:return new r(t[0],t[1],t[2],t[3],t[4],t[5]);case 7:return new r(t[0],t[1],t[2],t[3],t[4],t[5],t[6])}var n=W(r.prototype),o=r.apply(n,t);return w(o)?o:n}}var S=Ht,Jt=1;function Lt(r,t,n){var o=t&Jt,a=S(r);function e(){var i=this&&this!==m&&this instanceof e?a:r;return i.apply(o?n:this,arguments)}return e}var Qt=Lt;function Vt(r,t,n){switch(n.length){case 0:return r.call(t);case 1:return r.call(t,n[0]);case 2:return r.call(t,n[0],n[1]);case 3:return r.call(t,n[0],n[1],n[2])}return r.apply(t,n)}var k=Vt,Xt=Math.max;function Yt(r,t,n,o){for(var a=-1,e=r.length,i=n.length,u=-1,v=t.length,f=Xt(e-i,0),c=Array(v+f),p=!o;++u<v;)c[u]=t[u];for(;++a<i;)(p||a<e)&&(c[n[a]]=r[a]);for(;f--;)c[u++]=r[a++];return c}var vr=Yt,Zt=Math.max;function rn(r,t,n,o){for(var a=-1,e=r.length,i=-1,u=n.length,v=-1,f=t.length,c=Zt(e-u,0),p=Array(c+f),h=!o;++a<c;)p[a]=r[a];for(var l=a;++v<f;)p[l+v]=t[v];for(;++i<u;)(h||a<e)&&(p[l+n[i]]=r[a++]);return p}var cr=rn;function tn(r,t){for(var n=r.length,o=0;n--;)r[n]===t&&++o;return o}var nn=tn;function on(){}var D=on,an=4294967295;function x(r){this.__wrapped__=r,this.__actions__=[],this.__dir__=1,this.__filtered__=!1,this.__iteratees__=[],this.__takeCount__=an,this.__views__=[]}x.prototype=W(D.prototype),x.prototype.constructor=x;var G=x;function en(){}var un=en,vn=F?function(r){return F.get(r)}:un,fr=vn,cn={},lr=cn,fn=Object.prototype,ln=fn.hasOwnProperty;function pn(r){for(var t=r.name+\\"\\",n=lr[t],o=ln.call(lr,t)?n.length:0;o--;){var a=n[o],e=a.func;if(e==null||e==r)return a.name}return t}var sn=pn;function E(r,t){this.__wrapped__=r,this.__actions__=[],this.__chain__=!!t,this.__index__=0,this.__values__=void 0}E.prototype=W(D.prototype),E.prototype.constructor=E;var K=E;function hn(r,t){var n=-1,o=r.length;for(t||(t=Array(o));++n<o;)t[n]=r[n];return t}var pr=hn;function _n(r){if(r instanceof G)return r.clone();var t=new K(r.__wrapped__,r.__chain__);return t.__actions__=pr(r.__actions__),t.__index__=r.__index__,t.__values__=r.__values__,t}var yn=_n,dn=Object.prototype,gn=dn.hasOwnProperty;function R(r){if(Z(r)&&!Yr(r)&&!(r instanceof G)){if(r instanceof K)return r;if(gn.call(r,\\"__wrapped__\\"))return yn(r)}return new K(r)}R.prototype=D.prototype,R.prototype.constructor=R;var bn=R;function mn(r){var t=sn(r),n=bn[t];if(typeof n!=\\"function\\"||!(t in G.prototype))return!1;if(r===n)return!0;var o=fr(n);return!!o&&r===o[0]}var wn=mn,On=800,jn=16,Sn=Date.now;function An(r){var t=0,n=0;return function(){var o=Sn(),a=jn-(o-n);if(n=o,a>0){if(++t>=On)return arguments[0]}else t=0;return r.apply(void 0,arguments)}}var sr=An,$n=sr(ur),hr=$n,Pn=/\\\\{\\\\n\\\\/\\\\* \\\\[wrapped with (.+)\\\\] \\\\*/,Mn=/,? & /;function Fn(r){var t=r.match(Pn);return t?t[1].split(Mn):[]}var xn=Fn,En=/\\\\{(?:\\\\n\\\\/\\\\* \\\\[wrapped with .+\\\\] \\\\*\\\\/)?\\\\n?/;function Rn(r,t){var n=t.length;if(!n)return r;var o=n-1;return t[o]=(n>1?\\"& \\":\\"\\")+t[o],t=t.join(n>2?\\", \\":\\" \\"),r.replace(En,\\"{\\\\n/* [wrapped with \\"+t+\\"] */\\\\n\\")}var Tn=Rn;function Cn(r){return function(){return r}}var In=Cn,Wn=function(){try{var r=ar(Object,\\"defineProperty\\");return r({},\\"\\",{}),r}catch(t){}}(),_r=Wn,kn=_r?function(r,t){return _r(r,\\"toString\\",{configurable:!0,enumerable:!1,value:In(t),writable:!0})}:C,Dn=kn,Gn=sr(Dn),yr=Gn;function Kn(r,t){for(var n=-1,o=r==null?0:r.length;++n<o&&t(r[n],n,r)!==!1;);return r}var Nn=Kn;function Un(r,t,n,o){for(var a=r.length,e=n+(o?1:-1);o?e--:++e<a;)if(t(r[e],e,r))return e;return-1}var qn=Un;function zn(r){return r!==r}var Bn=zn;function Hn(r,t,n){for(var o=n-1,a=r.length;++o<a;)if(r[o]===t)return o;return-1}var Jn=Hn;function Ln(r,t,n){return t===t?Jn(r,t,n):qn(r,Bn,n)}var Qn=Ln;function Vn(r,t){var n=r==null?0:r.length;return!!n&&Qn(r,t,0)>-1}var Xn=Vn,Yn=1,Zn=2,ro=8,to=16,no=32,oo=64,ao=128,eo=256,uo=512,io=[[\\"ary\\",ao],[\\"bind\\",Yn],[\\"bindKey\\",Zn],[\\"curry\\",ro],[\\"curryRight\\",to],[\\"flip\\",uo],[\\"partial\\",no],[\\"partialRight\\",oo],[\\"rearg\\",eo]];function vo(r,t){return Nn(io,function(n){var o=\\"_.\\"+n[0];t&n[1]&&!Xn(r,o)&&r.push(o)}),r.sort()}var co=vo;function fo(r,t,n){var o=t+\\"\\";return yr(r,Tn(o,co(xn(o),n)))}var dr=fo,lo=1,po=2,so=4,ho=8,gr=32,br=64;function _o(r,t,n,o,a,e,i,u,v,f){var c=t&ho,p=c?i:void 0,h=c?void 0:i,l=c?e:void 0,d=c?void 0:e;t|=c?gr:br,t&=~(c?br:gr),t&so||(t&=~(lo|po));var O=[r,t,a,l,p,d,h,u,v,f],g=n.apply(void 0,O);return wn(r)&&hr(g,O),g.placeholder=o,dr(g,r,t)}var mr=_o;function yo(r){var t=r;return t.placeholder}var N=yo,go=9007199254740991,bo=/^(?:0|[1-9]\\\\d*)$/;function mo(r,t){var n,o=_(r);return t=(n=t)!==null&&n!==void 0?n:go,!!t&&(o==\\"number\\"||o!=\\"symbol\\"&&bo.test(r))&&r>-1&&r%1==0&&r<t}var wo=mo,Oo=Math.min;function jo(r,t){for(var n=r.length,o=Oo(t.length,n),a=pr(r);o--;){var e=t[o];r[o]=wo(e,n)?a[e]:void 0}return r}var So=jo,wr=\\"__lodash_placeholder__\\";function Ao(r,t){for(var n=-1,o=r.length,a=0,e=[];++n<o;){var i=r[n];(i===t||i===wr)&&(r[n]=wr,e[a++]=n)}return e}var A=Ao,$o=1,Po=2,Mo=8,Fo=16,xo=128,Eo=512;function Or(r,t,n,o,a,e,i,u,v,f){var c=t&xo,p=t&$o,h=t&Po,l=t&(Mo|Fo),d=t&Eo,O=h?void 0:S(r);function g(){for(var b=arguments.length,s=Array(b),L=b;L--;)s[L]=arguments[L];if(l)var Er=N(g),ra=nn(s,Er);if(o&&(s=vr(s,o,a,l)),e&&(s=cr(s,e,i,l)),b-=ra,l&&b<f){var ta=A(s,Er);return mr(r,t,Or,g.placeholder,n,s,ta,u,v,f-b)}var Rr=p?n:this,Q=h?Rr[r]:r;return b=s.length,u?s=So(s,u):d&&b>1&&s.reverse(),c&&v<b&&(s.length=v),this&&this!==m&&this instanceof g&&(Q=O||S(Q)),Q.apply(Rr,s)}return g}var jr=Or;function Ro(r,t,n){var o=S(r);function a(){for(var e=arguments.length,i=Array(e),u=e,v=N(a);u--;)i[u]=arguments[u];var f=e<3&&i[0]!==v&&i[e-1]!==v?[]:A(i,v);if(e-=f.length,e<n)return mr(r,t,jr,a.placeholder,void 0,i,f,void 0,void 0,n-e);var c=this&&this!==m&&this instanceof a?o:r;return k(c,this,i)}return a}var To=Ro,Co=1;function Io(r,t,n,o){var a=t&Co,e=S(r);function i(){for(var u=-1,v=arguments.length,f=-1,c=o.length,p=Array(c+v),h=this&&this!==m&&this instanceof i?e:r;++f<c;)p[f]=o[f];for(;v--;)p[f++]=arguments[++u];return k(h,a?n:this,p)}return i}var Wo=Io,Sr=\\"__lodash_placeholder__\\",U=1,ko=2,Do=4,Ar=8,$=128,$r=256,Go=Math.min;function Ko(r,t){var n=r[1],o=t[1],a=n|o,e=a<(U|ko|$),i=o==$&&n==Ar||o==$&&n==$r&&r[7].length<=t[8]||o==($|$r)&&t[7].length<=t[8]&&n==Ar;if(!(e||i))return r;o&U&&(r[2]=t[2],a|=n&U?0:Do);var u=t[3];if(u){var v=r[3];r[3]=v?vr(v,u,t[4]):u,r[4]=v?A(r[3],Sr):t[4]}return u=t[5],u&&(v=r[5],r[5]=v?cr(v,u,t[6]):u,r[6]=v?A(r[5],Sr):t[6]),u=t[7],u&&(r[7]=u),o&$&&(r[8]=r[8]==null?t[8]:Go(r[8],t[8])),r[9]==null&&(r[9]=t[9]),r[0]=t[0],r[1]=a,r}var No=Ko,Uo=\\"Expected a function\\",Pr=1,qo=2,q=8,z=16,B=32,Mr=64,Fr=Math.max;function zo(r,t,n,o,a,e,i,u){var v=t&qo;if(!v&&typeof r!=\\"function\\")throw new TypeError(Uo);var f=o?o.length:0;if(f||(t&=~(B|Mr),o=a=void 0),i=i===void 0?i:Fr(nr(i),0),u=u===void 0?u:nr(u),f-=a?a.length:0,t&Mr){var c=o,p=a;o=a=void 0}var h=v?void 0:fr(r),l=[r,t,n,o,a,c,p,e,i,u];if(h&&No(l,h),r=l[0],t=l[1],n=l[2],o=l[3],a=l[4],u=l[9]=l[9]===void 0?v?0:r.length:Fr(l[9]-f,0),!u&&t&(q|z)&&(t&=~(q|z)),!t||t==Pr)var d=Qt(r,t,n);else t==q||t==z?d=To(r,t,u):(t==B||t==(Pr|B))&&!a.length?d=Wo(r,t,n,o):d=jr.apply(void 0,l);var O=h?ur:hr;return dr(O(d,l),r,t)}var Bo=zo,xr=Math.max;function Ho(r,t,n){return t=xr(t===void 0?r.length-1:t,0),function(){for(var o=arguments,a=-1,e=xr(o.length-t,0),i=Array(e);++a<e;)i[a]=o[t+a];a=-1;for(var u=Array(t+1);++a<t;)u[a]=o[a];return u[t]=n(i),k(r,this,u)}}var Jo=Ho;function Lo(r,t){return yr(Jo(r,t,C),r+\\"\\")}var Qo=Lo,Vo=32,H=Qo(function(r,t){var n=A(t,N(H));return Bo(r,Vo,void 0,t,n)});H.placeholder={};var Xo=H;function Yo(r,t){var n=r+\\" \\"+t;return console.log(n),n}var Zo=Xo(Yo,\\"hello\\");Zo(\\"World\\");var J={};typeof Origami==\\"undefined\\"&&(self.Origami={}),self.Origami[\\"o-test-component\\"]=P,self.Origami[\\"o-test-component\\"].default=void 0,J[\\"o-test-component\\"]=P,J[\\"o-test-component\\"].default=void 0,typeof start_app==\\"function\\"&&start_app(J)})();})();
"
`;
